2026-09-30 20:21:11,897  INFO     Loaded 25 sessions
2026-09-30 20:21:11,901  INFO     SKIP 2026_Melbourne_Race  (car_data already downloaded)
2026-09-30 20:21:11,904  INFO     SKIP 2026_Shanghai_Race  (car_data already downloaded)
2026-09-30 20:21:11,907  INFO     SKIP 2026_Suzuka_Race  (car_data already downloaded)
2026-09-30 20:21:11,910  INFO     START 2026_Sakhir_Race  (session_key=11261)
2026-09-30 20:21:11,913  INFO       Fetching car_data for 22 drivers ...
2026-09-30 20:21:11,913  INFO         driver 1  (1/22)
2026-09-30 20:21:31,060  INFO         driver 3  (2/22)
2026-09-30 20:21:50,420  INFO         driver 5  (3/22)
2026-09-30 20:21:51,700  WARNING  Rate-limited (429). Waiting 60s ...
2026-09-30 20:23:21,754  INFO     Loaded 25 sessions
2026-09-30 20:23:21,756  INFO     SKIP 2026_Melbourne_Race  (car_data already downloaded)
2026-09-30 20:23:21,758  INFO     SKIP 2026_Shanghai_Race  (car_data already downloaded)
2026-09-30 20:23:21,759  INFO     SKIP 2026_Suzuka_Race  (car_data already downloaded)
2026-09-30 20:23:41,098  INFO     Loaded 25 sessions
2026-09-30 20:23:41,099  INFO     SKIP 2026_Melbourne_Race  (car_data already downloaded)
2026-09-30 20:23:41,099  INFO     SKIP 2026_Shanghai_Race  (car_data already downloaded)
2026-09-30 20:23:41,099  INFO     SKIP 2026_Suzuka_Race  (car_data already downloaded)
2026-09-30 20:23:41,100  INFO     SKIP 2026_Sakhir_Race  (0 laps — cancelled or future race)
2026-09-30 20:23:41,101  INFO     SKIP 2026_Jeddah_Race  (0 laps — cancelled or future race)
2026-09-30 20:23:41,102  INFO     SKIP 2026_Miami_Race  (car_data already downloaded)
2026-09-30 20:23:41,102  INFO     SKIP 2026_Montreal_Race  (car_data already downloaded)
2026-09-30 20:23:41,102  INFO     SKIP 2026_Monte_Carlo_Race  (car_data already downloaded)
2026-09-30 20:23:41,102  INFO     SKIP 2026_Catalunya_Race  (car_data already downloaded)
2026-09-30 20:23:41,110  INFO     START 2026_Spielberg_Race  (session_key=11315)
2026-09-30 20:23:41,113  INFO       Fetching car_data for 22 drivers ...
2026-09-30 20:23:41,113  INFO         driver 1  (1/22)
2026-09-30 20:24:24,237  INFO         driver 3  (2/22)
2026-09-30 20:25:06,811  INFO         driver 5  (3/22)
2026-09-30 20:25:49,036  INFO         driver 6  (4/22)
2026-09-30 20:25:49,997  WARNING  Rate-limited (429). Waiting 60s ...
2026-09-30 20:34:36,367  INFO     Loaded 25 sessions
2026-09-30 20:34:36,369  INFO     SKIP 2026_Melbourne_Race  (car_data already downloaded)
2026-09-30 20:34:36,370  INFO     SKIP 2026_Shanghai_Race  (car_data already downloaded)
2026-09-30 20:34:36,371  INFO     SKIP 2026_Suzuka_Race  (car_data already downloaded)
2026-09-30 20:34:36,372  INFO     SKIP 2026_Sakhir_Race  (0 laps — cancelled or future race)
2026-09-30 20:34:36,374  INFO     SKIP 2026_Jeddah_Race  (0 laps — cancelled or future race)
2026-09-30 20:34:36,375  INFO     SKIP 2026_Miami_Race  (car_data already downloaded)
2026-09-30 20:34:36,375  INFO     SKIP 2026_Montreal_Race  (car_data already downloaded)
2026-09-30 20:34:36,376  INFO     SKIP 2026_Monte_Carlo_Race  (car_data already downloaded)
2026-09-30 20:34:36,377  INFO     SKIP 2026_Catalunya_Race  (car_data already downloaded)
2026-09-30 20:34:36,387  INFO     START 2026_Spielberg_Race  (session_key=11315)
2026-09-30 20:34:36,392  INFO       Fetching car_data for 22 drivers ...
2026-09-30 20:34:36,392  INFO         driver 1  (1/22)
2026-09-30 20:35:19,142  INFO         driver 3  (2/22)
2026-09-30 20:36:02,063  INFO         driver 5  (3/22)
2026-09-30 20:36:46,381  INFO         driver 6  (4/22)
2026-09-30 20:37:30,427  INFO         driver 10  (5/22)
2026-09-30 20:38:13,617  INFO         driver 11  (6/22)
2026-09-30 20:38:55,922  INFO         driver 12  (7/22)
2026-09-30 20:39:39,681  INFO         driver 14  (8/22)
2026-09-30 20:40:23,163  INFO         driver 16  (9/22)
2026-09-30 20:41:07,083  INFO         driver 18  (10/22)
2026-09-30 20:41:49,509  INFO         driver 23  (11/22)
2026-09-30 20:42:34,620  INFO         driver 27  (12/22)
2026-09-30 20:43:18,446  INFO         driver 30  (13/22)
2026-09-30 20:44:01,577  INFO         driver 31  (14/22)
2026-09-30 20:44:44,565  INFO         driver 41  (15/22)
2026-09-30 20:45:27,338  INFO         driver 43  (16/22)
2026-09-30 20:46:10,113  INFO         driver 44  (17/22)
2026-09-30 20:46:52,384  INFO         driver 55  (18/22)
2026-09-30 20:47:34,130  INFO         driver 63  (19/22)
2026-09-30 20:48:18,852  INFO         driver 77  (20/22)
2026-09-30 20:49:01,501  INFO         driver 81  (21/22)
2026-09-30 20:49:44,384  INFO         driver 87  (22/22)
2026-09-30 20:50:30,443  INFO       DONE car_data  468006 rows
2026-09-30 20:51:00,444  INFO       Fetching location for 22 drivers ...
2026-09-30 20:51:00,456  INFO         driver 1  (1/22)
2026-09-30 20:51:43,473  INFO         driver 3  (2/22)
2026-09-30 20:52:27,981  INFO         driver 5  (3/22)
2026-09-30 20:53:12,573  INFO         driver 6  (4/22)
2026-09-30 20:53:58,000  INFO         driver 10  (5/22)
2026-09-30 20:54:41,590  INFO         driver 11  (6/22)
2026-09-30 20:55:25,691  INFO         driver 12  (7/22)
2026-09-30 20:56:15,287  INFO         driver 14  (8/22)
2026-09-30 20:57:06,721  INFO         driver 16  (9/22)
2026-09-30 20:57:49,312  INFO         driver 18  (10/22)
2026-09-30 20:58:32,765  INFO         driver 23  (11/22)
2026-09-30 20:59:17,170  INFO         driver 27  (12/22)
2026-09-30 21:00:01,926  INFO         driver 30  (13/22)
2026-09-30 21:00:47,449  INFO         driver 31  (14/22)
2026-09-30 21:01:33,955  INFO         driver 41  (15/22)
2026-09-30 21:02:22,090  INFO         driver 43  (16/22)
2026-09-30 21:03:11,926  INFO         driver 44  (17/22)
2026-09-30 21:04:07,541  INFO         driver 55  (18/22)
2026-09-30 21:04:55,318  INFO         driver 63  (19/22)
2026-09-30 21:05:41,600  INFO         driver 77  (20/22)
2026-09-30 21:06:25,496  INFO         driver 81  (21/22)
2026-09-30 21:07:11,732  INFO         driver 87  (22/22)
2026-09-30 21:07:57,675  INFO       DONE location  477444 rows
2026-09-30 21:08:27,676  INFO     DONE 2026_Spielberg_Race
2026-09-30 21:08:27,726  INFO     START 2026_Silverstone_Race  (session_key=11326)
2026-09-30 21:08:27,729  INFO       Fetching car_data for 22 drivers ...
2026-09-30 21:08:27,739  INFO         driver 1  (1/22)
2026-09-30 21:09:14,306  INFO         driver 3  (2/22)
2026-09-30 21:09:58,298  INFO         driver 5  (3/22)
2026-09-30 21:10:42,845  INFO         driver 6  (4/22)
2026-09-30 21:11:26,569  INFO         driver 10  (5/22)
2026-09-30 21:12:09,684  INFO         driver 11  (6/22)
2026-09-30 21:12:53,030  INFO         driver 12  (7/22)
2026-09-30 21:13:35,874  INFO         driver 14  (8/22)
2026-09-30 21:14:20,757  INFO         driver 16  (9/22)
2026-09-30 21:15:04,793  INFO         driver 18  (10/22)
2026-09-30 21:15:48,080  INFO         driver 23  (11/22)
2026-09-30 21:16:32,557  INFO         driver 27  (12/22)
2026-09-30 21:17:16,279  INFO         driver 30  (13/22)
2026-09-30 21:17:59,957  INFO         driver 31  (14/22)
2026-09-30 21:18:43,876  INFO         driver 41  (15/22)
2026-09-30 21:19:27,014  INFO         driver 43  (16/22)
2026-09-30 21:20:12,183  INFO         driver 44  (17/22)
2026-09-30 21:20:57,300  INFO         driver 55  (18/22)
2026-09-30 21:21:43,872  INFO         driver 63  (19/22)
2026-09-30 21:22:26,777  INFO         driver 77  (20/22)
2026-09-30 21:23:10,952  INFO         driver 81  (21/22)
2026-09-30 21:23:54,745  INFO         driver 87  (22/22)
2026-09-30 21:24:41,946  INFO       DONE car_data  487344 rows
2026-09-30 21:25:11,947  INFO       Fetching location for 22 drivers ...
2026-09-30 21:25:11,964  INFO         driver 1  (1/22)
2026-09-30 21:25:58,085  INFO         driver 3  (2/22)
2026-09-30 21:26:41,632  INFO         driver 5  (3/22)
2026-09-30 21:27:28,458  INFO         driver 6  (4/22)
2026-09-30 21:28:12,576  INFO         driver 10  (5/22)
2026-09-30 21:28:56,868  INFO         driver 11  (6/22)
2026-09-30 21:29:41,269  INFO         driver 12  (7/22)
2026-09-30 21:30:29,200  INFO         driver 14  (8/22)
2026-09-30 21:31:31,008  INFO         driver 16  (9/22)
2026-09-30 21:32:19,935  INFO         driver 18  (10/22)
2026-09-30 21:33:08,679  INFO         driver 23  (11/22)
2026-09-30 21:33:54,717  INFO         driver 27  (12/22)
2026-09-30 21:34:41,039  INFO         driver 30  (13/22)
2026-09-30 21:35:24,281  INFO         driver 31  (14/22)
2026-09-30 21:36:07,683  INFO         driver 41  (15/22)
2026-09-30 21:36:52,724  INFO         driver 43  (16/22)
2026-09-30 21:37:41,070  INFO         driver 44  (17/22)
2026-09-30 21:38:26,523  INFO         driver 55  (18/22)
2026-09-30 21:39:16,033  INFO         driver 63  (19/22)
2026-09-30 21:40:10,865  INFO         driver 77  (20/22)
2026-09-30 21:40:58,127  INFO         driver 81  (21/22)
2026-09-30 21:41:45,878  INFO         driver 87  (22/22)
2026-09-30 21:42:33,122  INFO       DONE location  501094 rows
2026-09-30 21:43:03,122  INFO     DONE 2026_Silverstone_Race
2026-09-30 21:43:03,185  INFO     START 2026_Spa-Francorchamps_Race  (session_key=11334)
2026-09-30 21:43:03,212  INFO       Fetching car_data for 22 drivers ...
2026-09-30 21:43:03,227  INFO         driver 1  (1/22)
2026-09-30 21:43:53,590  INFO         driver 3  (2/22)
2026-09-30 21:44:39,567  INFO         driver 5  (3/22)
2026-09-30 21:45:23,764  INFO         driver 6  (4/22)
2026-09-30 21:46:21,558  INFO         driver 10  (5/22)
2026-09-30 21:47:23,081  INFO         driver 11  (6/22)
2026-09-30 21:48:16,020  INFO         driver 12  (7/22)
2026-09-30 21:49:08,513  INFO         driver 14  (8/22)
2026-09-30 21:49:54,357  INFO         driver 16  (9/22)
2026-09-30 21:50:41,095  INFO         driver 18  (10/22)
2026-09-30 21:51:31,173  INFO         driver 23  (11/22)
2026-09-30 21:52:15,844  INFO         driver 27  (12/22)
2026-09-30 21:53:14,813  INFO         driver 30  (13/22)
2026-09-30 21:54:01,476  INFO         driver 31  (14/22)
2026-09-30 21:54:47,734  INFO         driver 41  (15/22)
2026-09-30 21:55:32,578  INFO         driver 43  (16/22)
2026-09-30 21:56:17,289  INFO         driver 44  (17/22)
2026-09-30 21:57:04,405  INFO         driver 55  (18/22)
2026-09-30 21:57:49,084  INFO         driver 63  (19/22)
2026-09-30 21:58:32,561  INFO         driver 77  (20/22)
2026-09-30 21:59:16,779  INFO         driver 81  (21/22)
2026-09-30 22:00:03,561  INFO         driver 87  (22/22)
2026-09-30 22:00:55,690  INFO       DONE car_data  453002 rows
2026-09-30 22:01:25,691  INFO       Fetching location for 22 drivers ...
2026-09-30 22:01:25,716  INFO         driver 1  (1/22)
2026-09-30 22:02:10,977  INFO         driver 3  (2/22)
2026-09-30 22:02:53,671  INFO         driver 5  (3/22)
2026-09-30 22:03:40,754  INFO         driver 6  (4/22)
2026-09-30 22:04:25,159  INFO         driver 10  (5/22)
2026-09-30 22:05:11,645  INFO         driver 11  (6/22)
2026-09-30 22:05:58,729  INFO         driver 12  (7/22)
2026-09-30 22:06:44,894  INFO         driver 14  (8/22)
2026-09-30 22:07:29,637  INFO         driver 16  (9/22)
2026-09-30 22:08:13,870  INFO         driver 18  (10/22)
2026-09-30 22:08:57,013  INFO         driver 23  (11/22)
2026-09-30 22:09:42,993  INFO         driver 27  (12/22)
2026-09-30 22:10:27,971  INFO         driver 30  (13/22)
2026-09-30 22:11:11,347  INFO         driver 31  (14/22)
2026-09-30 22:11:56,527  INFO         driver 41  (15/22)
2026-09-30 22:12:40,489  INFO         driver 43  (16/22)
2026-09-30 22:13:24,164  INFO         driver 44  (17/22)
2026-09-30 22:14:07,037  INFO         driver 55  (18/22)
2026-09-30 22:14:50,907  INFO         driver 63  (19/22)
2026-09-30 22:15:34,310  INFO         driver 77  (20/22)
2026-09-30 22:16:17,569  INFO         driver 81  (21/22)
2026-09-30 22:17:04,290  INFO         driver 87  (22/22)
2026-09-30 22:17:54,199  INFO       DONE location  462374 rows
2026-09-30 22:18:24,201  INFO     DONE 2026_Spa-Francorchamps_Race
2026-09-30 22:18:24,234  INFO     SKIP 2026_Hungaroring_Race  (car_data already downloaded)
2026-09-30 22:18:24,398  INFO     START 2026_Zandvoort_Race  (session_key=11353)
2026-09-30 22:18:24,461  INFO       Fetching car_data for 22 drivers ...
2026-09-30 22:18:24,477  INFO         driver 1  (1/22)
2026-09-30 22:19:08,913  INFO         driver 3  (2/22)
2026-09-30 22:19:52,359  INFO         driver 5  (3/22)
2026-09-30 22:20:38,057  INFO         driver 10  (4/22)
2026-09-30 22:21:23,286  INFO         driver 11  (5/22)
2026-09-30 22:22:07,007  INFO         driver 12  (6/22)
2026-09-30 22:22:54,223  INFO         driver 14  (7/22)
2026-09-30 22:23:40,708  INFO         driver 16  (8/22)
2026-09-30 22:24:26,893  INFO         driver 18  (9/22)
2026-09-30 22:25:12,745  INFO         driver 22  (10/22)
2026-09-30 22:25:58,174  INFO         driver 23  (11/22)
2026-09-30 22:26:43,086  INFO         driver 27  (12/22)
2026-09-30 22:27:29,615  INFO         driver 30  (13/22)
2026-09-30 22:28:15,592  INFO         driver 31  (14/22)
2026-09-30 22:29:00,707  INFO         driver 41  (15/22)
2026-09-30 22:29:48,989  INFO         driver 43  (16/22)
2026-09-30 22:30:37,309  INFO         driver 44  (17/22)
2026-09-30 22:31:23,874  INFO         driver 55  (18/22)
2026-09-30 22:32:09,334  INFO         driver 63  (19/22)
2026-09-30 22:32:54,528  INFO         driver 77  (20/22)
2026-09-30 22:33:40,646  INFO         driver 81  (21/22)
2026-09-30 22:34:28,116  INFO         driver 87  (22/22)
2026-09-30 22:35:19,252  INFO       DONE car_data  604736 rows
2026-09-30 22:35:49,254  INFO       Fetching location for 22 drivers ...
2026-09-30 22:35:49,292  INFO         driver 1  (1/22)
2026-09-30 22:36:33,624  INFO         driver 3  (2/22)
2026-09-30 22:37:17,598  INFO         driver 5  (3/22)
2026-09-30 22:38:02,653  INFO         driver 10  (4/22)
2026-09-30 22:38:46,933  INFO         driver 11  (5/22)
2026-09-30 22:39:32,362  INFO         driver 12  (6/22)
2026-09-30 22:40:17,266  INFO         driver 14  (7/22)
2026-09-30 22:41:03,024  INFO         driver 16  (8/22)
2026-09-30 22:41:48,402  INFO         driver 18  (9/22)
2026-09-30 22:42:34,757  INFO         driver 22  (10/22)
2026-09-30 22:43:20,888  INFO         driver 23  (11/22)
2026-09-30 22:44:06,428  INFO         driver 27  (12/22)
2026-09-30 22:44:53,585  INFO         driver 30  (13/22)
2026-09-30 22:45:40,221  INFO         driver 31  (14/22)
2026-09-30 22:46:25,181  INFO         driver 41  (15/22)
2026-09-30 22:47:09,647  INFO         driver 43  (16/22)
2026-09-30 22:47:54,632  INFO         driver 44  (17/22)
2026-09-30 22:48:39,437  INFO         driver 55  (18/22)
2026-09-30 22:49:24,548  INFO         driver 63  (19/22)
2026-09-30 22:50:10,106  INFO         driver 77  (20/22)
2026-09-30 22:50:55,272  INFO         driver 81  (21/22)
2026-09-30 22:51:42,645  INFO         driver 87  (22/22)
2026-09-30 22:52:31,129  INFO       DONE location  596926 rows
2026-09-30 22:53:01,130  INFO     DONE 2026_Zandvoort_Race
2026-09-30 22:53:01,209  INFO     START 2026_Monza_Race  (session_key=11361)
2026-09-30 22:53:01,234  INFO       Fetching car_data for 22 drivers ...
2026-09-30 22:53:01,250  INFO         driver 1  (1/22)
2026-09-30 22:53:48,018  INFO         driver 3  (2/22)
2026-09-30 22:54:33,959  INFO         driver 5  (3/22)
2026-09-30 22:55:19,072  INFO         driver 10  (4/22)
2026-09-30 22:56:04,472  INFO         driver 11  (5/22)
2026-09-30 22:56:49,770  INFO         driver 12  (6/22)
2026-09-30 22:57:35,943  INFO         driver 14  (7/22)
2026-09-30 22:58:20,654  INFO         driver 16  (8/22)
2026-09-30 22:59:05,253  INFO         driver 18  (9/22)
2026-09-30 22:59:51,314  INFO         driver 22  (10/22)
2026-09-30 23:00:37,247  INFO         driver 23  (11/22)
2026-09-30 23:01:22,715  INFO         driver 27  (12/22)
2026-09-30 23:02:07,699  INFO         driver 30  (13/22)
2026-09-30 23:02:53,730  INFO         driver 31  (14/22)
2026-09-30 23:03:40,843  INFO         driver 41  (15/22)
2026-09-30 23:04:25,990  INFO         driver 43  (16/22)
2026-09-30 23:05:10,414  INFO         driver 44  (17/22)
2026-09-30 23:05:55,721  INFO         driver 55  (18/22)
2026-09-30 23:06:41,542  INFO         driver 63  (19/22)
2026-09-30 23:07:27,164  INFO         driver 77  (20/22)
2026-09-30 23:08:11,970  INFO         driver 81  (21/22)
2026-09-30 23:08:57,094  INFO         driver 87  (22/22)
2026-09-30 23:09:48,877  INFO       DONE car_data  587356 rows
2026-09-30 23:10:18,879  INFO       Fetching location for 22 drivers ...
2026-09-30 23:10:18,918  INFO         driver 1  (1/22)
2026-09-30 23:11:13,525  INFO         driver 3  (2/22)
2026-09-30 23:12:01,343  INFO         driver 5  (3/22)
2026-09-30 23:12:52,679  INFO         driver 10  (4/22)
2026-09-30 23:13:40,285  INFO         driver 11  (5/22)
2026-09-30 23:14:26,640  INFO         driver 12  (6/22)
2026-09-30 23:15:14,172  INFO         driver 14  (7/22)
2026-09-30 23:15:59,560  INFO         driver 16  (8/22)
2026-09-30 23:16:44,537  INFO         driver 18  (9/22)
2026-09-30 23:17:29,748  INFO         driver 22  (10/22)
2026-09-30 23:18:16,888  INFO         driver 23  (11/22)
2026-09-30 23:19:02,425  INFO         driver 27  (12/22)
2026-09-30 23:19:48,690  INFO         driver 30  (13/22)
2026-09-30 23:20:35,084  INFO         driver 31  (14/22)
2026-09-30 23:21:21,078  INFO         driver 41  (15/22)
2026-09-30 23:22:07,701  INFO         driver 43  (16/22)
2026-09-30 23:22:53,949  INFO         driver 44  (17/22)
2026-09-30 23:23:42,931  INFO         driver 55  (18/22)
2026-09-30 23:24:28,890  INFO         driver 63  (19/22)
2026-09-30 23:25:14,797  INFO         driver 77  (20/22)
2026-09-30 23:25:59,678  INFO         driver 81  (21/22)
2026-09-30 23:26:44,771  INFO         driver 87  (22/22)
2026-09-30 23:27:34,119  INFO       DONE location  594594 rows
2026-09-30 23:28:04,119  INFO     DONE 2026_Monza_Race
2026-09-30 23:28:04,219  INFO     START 2026_Madring_Race  (session_key=11369)
2026-09-30 23:28:04,261  INFO       Fetching car_data for 22 drivers ...
2026-09-30 23:28:04,285  INFO         driver 1  (1/22)
2026-09-30 23:28:52,370  INFO         driver 3  (2/22)
2026-09-30 23:29:36,286  INFO         driver 5  (3/22)
2026-09-30 23:30:21,159  INFO         driver 10  (4/22)
2026-09-30 23:31:06,870  INFO         driver 11  (5/22)
2026-09-30 23:31:51,915  INFO         driver 12  (6/22)
2026-09-30 23:32:37,861  INFO         driver 14  (7/22)
2026-09-30 23:33:22,743  INFO         driver 16  (8/22)
2026-09-30 23:34:08,051  INFO         driver 18  (9/22)
2026-09-30 23:34:53,104  INFO         driver 22  (10/22)
2026-09-30 23:35:38,717  INFO         driver 23  (11/22)
2026-09-30 23:36:24,254  INFO         driver 27  (12/22)
2026-09-30 23:37:09,542  INFO         driver 30  (13/22)
2026-09-30 23:37:55,217  INFO         driver 31  (14/22)
2026-09-30 23:38:40,689  INFO         driver 41  (15/22)
2026-09-30 23:39:26,351  INFO         driver 43  (16/22)
2026-09-30 23:40:11,665  INFO         driver 44  (17/22)
2026-09-30 23:40:55,912  INFO         driver 55  (18/22)
2026-09-30 23:41:42,104  INFO         driver 63  (19/22)
2026-09-30 23:42:28,361  INFO         driver 77  (20/22)
2026-09-30 23:43:13,904  INFO         driver 81  (21/22)
2026-09-30 23:43:59,093  INFO         driver 87  (22/22)
2026-09-30 23:44:49,607  INFO       DONE car_data  529738 rows
2026-09-30 23:45:19,609  INFO       Fetching location for 22 drivers ...
2026-09-30 23:45:19,640  INFO         driver 1  (1/22)
2026-09-30 23:46:05,624  INFO         driver 3  (2/22)
2026-09-30 23:46:52,086  INFO         driver 5  (3/22)
2026-09-30 23:47:38,591  INFO         driver 10  (4/22)
2026-09-30 23:48:23,273  INFO         driver 11  (5/22)
2026-09-30 23:49:06,553  INFO         driver 12  (6/22)
2026-09-30 23:49:49,843  INFO         driver 14  (7/22)
2026-09-30 23:50:34,480  INFO         driver 16  (8/22)
2026-09-30 23:51:18,989  INFO         driver 18  (9/22)
2026-09-30 23:52:10,195  INFO         driver 22  (10/22)
2026-09-30 23:52:59,237  INFO         driver 23  (11/22)
2026-09-30 23:53:46,845  INFO         driver 27  (12/22)
2026-09-30 23:54:33,505  INFO         driver 30  (13/22)
2026-09-30 23:55:20,563  INFO         driver 31  (14/22)
2026-09-30 23:56:06,819  INFO         driver 41  (15/22)
2026-09-30 23:56:52,505  INFO         driver 43  (16/22)
2026-09-30 23:57:39,544  INFO         driver 44  (17/22)
2026-09-30 23:58:23,694  INFO         driver 55  (18/22)
2026-09-30 23:59:10,055  INFO         driver 63  (19/22)
2026-09-30 23:59:54,780  INFO         driver 77  (20/22)
2026-10-01 00:00:41,487  INFO         driver 81  (21/22)
2026-10-01 00:01:29,604  INFO         driver 87  (22/22)
2026-10-01 00:02:18,176  INFO       DONE location  535128 rows
2026-10-01 00:02:48,177  INFO     DONE 2026_Madring_Race
2026-10-01 00:02:48,287  INFO     START 2026_Baku_Race  (session_key=11377)
2026-10-01 00:02:48,313  INFO       Fetching car_data for 22 drivers ...
2026-10-01 00:02:48,337  INFO         driver 1  (1/22)
2026-10-01 00:03:34,805  INFO         driver 3  (2/22)
2026-10-01 00:04:21,187  INFO         driver 5  (3/22)
2026-10-01 00:05:09,399  INFO         driver 6  (4/22)
2026-10-01 00:05:54,867  INFO         driver 10  (5/22)
2026-10-01 00:06:39,954  INFO         driver 11  (6/22)
2026-10-01 00:07:23,853  INFO         driver 12  (7/22)
2026-10-01 00:08:08,275  INFO         driver 14  (8/22)
2026-10-01 00:08:52,794  INFO         driver 16  (9/22)
2026-10-01 00:09:39,198  INFO         driver 18  (10/22)
2026-10-01 00:10:23,635  INFO         driver 23  (11/22)
2026-10-01 00:11:07,034  INFO         driver 27  (12/22)
2026-10-01 00:11:50,848  INFO         driver 30  (13/22)
2026-10-01 00:12:36,854  INFO         driver 31  (14/22)
2026-10-01 00:13:21,288  INFO         driver 41  (15/22)
2026-10-01 00:14:05,832  INFO         driver 43  (16/22)
2026-10-01 00:14:49,650  INFO         driver 44  (17/22)
2026-10-01 00:15:36,747  INFO         driver 55  (18/22)
2026-10-01 00:16:21,621  INFO         driver 63  (19/22)
2026-10-01 00:17:06,439  INFO         driver 77  (20/22)
2026-10-01 00:17:52,438  INFO         driver 81  (21/22)
2026-10-01 00:18:38,050  INFO         driver 87  (22/22)
2026-10-01 00:19:27,519  INFO       DONE car_data  533742 rows
2026-10-01 00:19:57,521  INFO       Fetching location for 22 drivers ...
2026-10-01 00:19:57,544  INFO         driver 1  (1/22)
2026-10-01 00:20:42,310  INFO         driver 3  (2/22)
2026-10-01 00:21:29,308  INFO         driver 5  (3/22)
2026-10-01 00:22:14,899  INFO         driver 6  (4/22)
2026-10-01 00:23:01,159  INFO         driver 10  (5/22)
2026-10-01 00:23:46,425  INFO         driver 11  (6/22)
2026-10-01 00:24:31,576  INFO         driver 12  (7/22)
2026-10-01 00:25:17,799  INFO         driver 14  (8/22)
2026-10-01 00:26:03,634  INFO         driver 16  (9/22)
2026-10-01 00:26:49,594  INFO         driver 18  (10/22)
2026-10-01 00:27:35,070  INFO         driver 23  (11/22)
2026-10-01 00:28:21,382  INFO         driver 27  (12/22)
2026-10-01 00:29:06,519  INFO         driver 30  (13/22)
2026-10-01 00:29:52,092  INFO         driver 31  (14/22)
2026-10-01 00:30:40,105  INFO         driver 41  (15/22)
2026-10-01 00:31:25,597  INFO         driver 43  (16/22)
2026-10-01 00:32:10,723  INFO         driver 44  (17/22)
2026-10-01 00:32:56,942  INFO         driver 55  (18/22)
2026-10-01 00:33:43,103  INFO         driver 63  (19/22)
2026-10-01 00:34:30,411  INFO         driver 77  (20/22)
2026-10-01 00:35:16,490  INFO         driver 81  (21/22)
2026-10-01 00:36:02,931  INFO         driver 87  (22/22)
2026-10-01 00:36:50,780  INFO       DONE location  550352 rows
2026-10-01 00:37:20,782  INFO     DONE 2026_Baku_Race
2026-10-01 00:37:20,789  INFO     SKIP 2026_Kuala_Lumpur_Race  (0 laps — cancelled or future race)
2026-10-01 00:37:20,795  INFO     SKIP 2026_Singapore_Race  (0 laps — cancelled or future race)
2026-10-01 00:37:20,798  INFO     SKIP 2026_Austin_Race  (0 laps — cancelled or future race)
2026-10-01 00:37:20,804  INFO     SKIP 2026_Mexico_City_Race  (0 laps — cancelled or future race)
2026-10-01 00:37:20,810  INFO     SKIP 2026_Interlagos_Race  (0 laps — cancelled or future race)
2026-10-01 00:37:20,814  INFO     SKIP 2026_Las_Vegas_Race  (0 laps — cancelled or future race)
2026-10-01 00:37:20,818  INFO     SKIP 2026_Lusail_Race  (0 laps — cancelled or future race)
2026-10-01 00:37:20,821  INFO     SKIP 2026_Yas_Marina_Circuit_Race  (0 laps — cancelled or future race)
2026-10-01 00:37:20,822  INFO     All telemetry processed.
